
> tesis-gestor-web@0.0.0 build
> ng build

[33mÔØ»[39m Building...
[32mÔ£ö[39m Building...
[1mInitial chunk files[22m  [2m | [22m[1mNames[22m                              [2m | [22m [1mRaw size[22m[2m | [22m[1mEstimated transfer size[22m
[32mmain-DNHHPHKE.js[39m     [2m | [22m[2mmain[22m                               [2m | [22m[36m641.79 kB[39m[2m | [22m              [36m135.93 kB[39m
[32mchunk-RJZOY2TT.js[39m    [2m | [22m[2m-[22m                                  [2m | [22m[36m272.03 kB[39m[2m | [22m               [36m48.29 kB[39m
[32mchunk-HQP33ZO6.js[39m    [2m | [22m[2m-[22m                                  [2m | [22m[36m163.39 kB[39m[2m | [22m               [36m48.29 kB[39m
[32mchunk-PUAPQV26.js[39m    [2m | [22m[2m-[22m                                  [2m | [22m [36m98.43 kB[39m[2m | [22m               [36m25.94 kB[39m
[32mchunk-NYPCBADX.js[39m    [2m | [22m[2m-[22m                                  [2m | [22m [36m44.58 kB[39m[2m | [22m                [36m9.64 kB[39m
[32mpolyfills-B6TNHZQ6.js[39m[2m | [22m[2mpolyfills[22m                          [2m | [22m [36m34.58 kB[39m[2m | [22m               [36m11.32 kB[39m
[32mchunk-VAO33SRO.js[39m    [2m | [22m[2m-[22m                                  [2m | [22m [36m17.30 kB[39m[2m | [22m                [36m4.83 kB[39m
[32mstyles-JE7JLKPS.css[39m  [2m | [22m[2mstyles[22m                             [2m | [22m [36m11.13 kB[39m[2m | [22m                [36m2.02 kB[39m
[32mchunk-MW3MV4KV.js[39m    [2m | [22m[2m-[22m                                  [2m | [22m  [36m1.23 kB[39m[2m | [22m              [36m467 bytes[39m

[1m [22m                    [2m | [22m[1mInitial total[22m                      [2m | [22m  [1m[93m1.28 MB[39m[22m[2m | [22m              [1m286.72 kB[22m

[1mLazy chunk files[22m     [2m | [22m[1mNames[22m                              [2m | [22m [1mRaw size[22m[2m | [22m[1mEstimated transfer size[22m
[32mchunk-LMOGFSVE.js[39m    [2m | [22m[2masistencia-general-manual-component[22m[2m | [22m[36m242.93 kB[39m[2m | [22m               [36m45.30 kB[39m
[32mchunk-ZY225NQC.js[39m    [2m | [22m[2m-[22m                                  [2m | [22m [36m66.86 kB[39m[2m | [22m               [36m12.82 kB[39m
[32mchunk-WI75RGB2.js[39m    [2m | [22m[2mcredenciales-qr-component[22m          [2m | [22m [36m53.01 kB[39m[2m | [22m               [36m10.53 kB[39m
[32mchunk-SUKT27GS.js[39m    [2m | [22m[2masistencia-rapida-component[22m        [2m | [22m [36m20.61 kB[39m[2m | [22m                [36m5.31 kB[39m
[32mchunk-AYZLALMZ.js[39m    [2m | [22m[2mhome-component[22m                     [2m | [22m  [36m9.01 kB[39m[2m | [22m                [36m2.22 kB[39m
[32mchunk-THT3XR2I.js[39m    [2m | [22m[2m-[22m                                  [2m | [22m  [36m1.48 kB[39m[2m | [22m              [36m545 bytes[39m
[32mchunk-WJEZHUVY.js[39m    [2m | [22m[2mproximamente-component[22m             [2m | [22m  [36m1.19 kB[39m[2m | [22m              [36m537 bytes[39m

Application bundle generation failed. [8.370 seconds]

node.exe : 
[1m[33m[33mÔû▓ [43;
33m[[43;30mWARNING[43
;33m][0m [1mbundle 
initial exceeded 
maximum budget. Budget 
1.00 MB was not met by 
284.45 kB with a total 
of 1.28 MB.[0m
En línea: 1 Carácter: 1
+ & "C:\Program 
Files\nodejs/node.exe" 
"C:\Program 
Files\nodejs/node_mo 
...
+ ~~~~~~~~~~~~~~~~~~~~~
~~~~~~~~~~~~~~~~~~~~~~~
~~~~~~~~~~~~~~~~~~~~~~~
~~
    + CategoryInfo     
         : NotSpecifi  
  ed: ([1m[33m[33   
 mÔ...of 1.28 MB.[    
0m:String) [], Rem    
oteException
    + FullyQualifiedEr 
   rorId : NativeComm  
  andError
 


[33mÔû▓ [43;33m[[43;
30mWARNING[43;33m][0m
 [1msrc/app/features/a
sistencia-general-manua
l/components/asistencia
-general-manual.compone
nt.css exceeded 
maximum budget. Budget 
4.00 kB was not met by 
10.99 kB with a total 
of 14.99 kB.[0m


[33mÔû▓ [43;33m[[43;
30mWARNING[43;33m][0m
 [1msrc/app/features/h
ome/home/home.component
.css exceeded maximum 
budget. Budget 4.00 kB 
was not met by 2.51 kB 
with a total of 6.51 
kB.[0m


[33mÔû▓ [43;33m[[43;
30mWARNING[43;33m][0m
 [1msrc/app/features/a
sistencia-rapida/compon
ents/asistencia-rapida/
asistencia-rapida.compo
nent.css exceeded 
maximum budget. Budget 
4.00 kB was not met by 
305 bytes with a total 
of 4.30 kB.[0m

[39m[22m
[1m[31m[31mX [41;31
m[[41;97mERROR[41;31m
][0m [1msrc/app/featu
res/asistencia-general-
manual/components/asist
encia-general-manual.co
mponent.css exceeded 
maximum budget. Budget 
8.00 kB was not met by 
6.99 kB with a total 
of 14.99 kB.[0m

[39m[22m
